oaiusercontent.com
production-openaicom-storage.azureedge.net
notion-static.com
intel.com
intel.de
intel.nl
vagrantcloud.com
image.tmdb.org
tmdb-image-prod.b-cdn.net
brawlstarsgame.com
clashroyaleapp.com
squadbustersgame.com
force.com
force-user-content.com
salesforceliveagent.com
salesforce-experience.com
salesforce-hub.com
salesforce-scrt.com
salesforce-setup.com
salesforce-sites.com
sfdcopens.com
site.com
netflix.ca
netflix.com
netflix.net
netflixinvestor.com
netflixtechblog.com
nflxext.com
nflximg.com
nflximg.net
nflxsearch.net
nflxso.net
nflxvideo.net
autodesk.com
herokucdn.com
gaming.amazon.com
vmware.com
geforcenow.com
parallels.net
parallelsaccess.com
servarr.com
xtracloud.net
glpals.com
gpsonextra.net
smartbear.co
ai-chat.bsg.brave.com
ti.com
mouser.fi
analog.com
solarwinds.com
cdw.com
jamf.com
ldoceonline.com
wikidot.com
volkswagen-classic-parts.com
keysight.com
nxp.com
adidas.com
ldoceonline.com
webnames.ca
veeam.com
digitalcontent.sky
sky.com
skycdp.com
broadcom.com
qt.io
home-connect.com
omnissa.com
dell.com
dellcdn.com
nordcdn.com
ghostrc.game.idtech.services
support.xerox.com
tutanota.com
oracle.com
files.manus.cdn
bosch.com
seconddinnertech.com
snapgametech.com
citrix.com
home.by.me
ansys.com
openh264.org
app.zerossl.com
lgthinq.com
lgeapi.com
data.cline.bot
pandasecurity.com
qwant.com
netacad.com
mouser.com
xiaomi.eu
qualcomm.com
lyst.com
